     1	[package]
     2	name = "rust-cat"
     3	version = "0.1.0"
     4	edition = "2018"

     5	# See more keys and their definitions at https://doc.rust-lang.org/cargo/reference/manifest.html

     6	[dependencies]
     7	clap = "2.33.3"
     8	[dev-dependencies]
     9	predicates = "2"
    10	assert_cmd = "2"
