[package]
name = "rust-cat"
version = "0.1.0"
edition = "2018"

# See more keys and their definitions at https://doc.rust-lang.org/cargo/reference/manifest.html

[dependencies]
clap = "2.33.3"
[dev-dependencies]
predicates = "2"
assert_cmd = "2"
